stm32f4xx_hal_cortex 2.c:143:6:HAL_NVIC_SetPriorityGrouping	0	static
stm32f4xx_hal_cortex 2.c:165:6:HAL_NVIC_SetPriority	12	static
stm32f4xx_hal_cortex 2.c:187:6:HAL_NVIC_EnableIRQ	0	static
stm32f4xx_hal_cortex 2.c:203:6:HAL_NVIC_DisableIRQ	0	static,ignoring_inline_asm
stm32f4xx_hal_cortex 2.c:216:6:HAL_NVIC_SystemReset	0	static,ignoring_inline_asm
stm32f4xx_hal_cortex 2.c:229:10:HAL_SYSTICK_Config	0	static
stm32f4xx_hal_cortex 2.c:258:6:HAL_MPU_Disable	0	static,ignoring_inline_asm
stm32f4xx_hal_cortex 2.c:281:6:HAL_MPU_Enable	0	static,ignoring_inline_asm
stm32f4xx_hal_cortex 2.c:300:6:HAL_MPU_ConfigRegion	8	static
stm32f4xx_hal_cortex 2.c:344:10:HAL_NVIC_GetPriorityGrouping	0	static
stm32f4xx_hal_cortex 2.c:371:6:HAL_NVIC_GetPriority	16	static
stm32f4xx_hal_cortex 2.c:386:6:HAL_NVIC_SetPendingIRQ	0	static
stm32f4xx_hal_cortex 2.c:404:10:HAL_NVIC_GetPendingIRQ	0	static
stm32f4xx_hal_cortex 2.c:420:6:HAL_NVIC_ClearPendingIRQ	0	static
stm32f4xx_hal_cortex 2.c:437:10:HAL_NVIC_GetActive	0	static
stm32f4xx_hal_cortex 2.c:454:6:HAL_SYSTICK_CLKSourceConfig	0	static
stm32f4xx_hal_cortex 2.c:481:13:HAL_SYSTICK_Callback	0	static
stm32f4xx_hal_cortex 2.c:472:6:HAL_SYSTICK_IRQHandler	8	static
