stm32f4xx_hal_dma 3.c:1184:17:DMA_CalcBaseAndBitshift	8	static
stm32f4xx_hal_dma 3.c:171:19:HAL_DMA_Init	16	static
stm32f4xx_hal_dma 3.c:310:19:HAL_DMA_DeInit	16	static
stm32f4xx_hal_dma 3.c:408:19:HAL_DMA_Start	12	static
stm32f4xx_hal_dma 3.c:452:19:HAL_DMA_Start_IT	16	static
stm32f4xx_hal_dma 3.c:514:19:HAL_DMA_Abort	16	static
stm32f4xx_hal_dma 3.c:581:19:HAL_DMA_Abort_IT	0	static
stm32f4xx_hal_dma 3.c:611:19:HAL_DMA_PollForTransfer	40	static
stm32f4xx_hal_dma 3.c:747:6:HAL_DMA_IRQHandler	32	static
stm32f4xx_hal_dma 3.c:968:19:HAL_DMA_RegisterCallback	0	static
stm32f4xx_hal_dma 3.c:1028:19:HAL_DMA_UnRegisterCallback	8	static
stm32f4xx_hal_dma 3.c:1113:22:HAL_DMA_GetState	0	static
stm32f4xx_hal_dma 3.c:1124:10:HAL_DMA_GetError	0	static
