stm32f4xx_hal_pwr 2.c:92:6:HAL_PWR_DeInit	0	static
stm32f4xx_hal_pwr 2.c:110:6:HAL_PWR_EnableBkUpAccess	8	static
stm32f4xx_hal_pwr 2.c:130:6:HAL_PWR_DisableBkUpAccess	8	static
stm32f4xx_hal_pwr 2.c:268:6:HAL_PWR_ConfigPVD	0	static
stm32f4xx_hal_pwr 2.c:311:6:HAL_PWR_EnablePVD	0	static
stm32f4xx_hal_pwr 2.c:320:6:HAL_PWR_DisablePVD	0	static
stm32f4xx_hal_pwr 2.c:334:6:HAL_PWR_EnableWakeUpPin	0	static
stm32f4xx_hal_pwr 2.c:352:6:HAL_PWR_DisableWakeUpPin	0	static
stm32f4xx_hal_pwr 2.c:381:6:HAL_PWR_EnterSLEEPMode	0	static,ignoring_inline_asm
stm32f4xx_hal_pwr 2.c:424:6:HAL_PWR_EnterSTOPMode	0	static,ignoring_inline_asm
stm32f4xx_hal_pwr 2.c:463:6:HAL_PWR_EnterSTANDBYMode	0	static,ignoring_inline_asm
stm32f4xx_hal_pwr 2.c:501:13:HAL_PWR_PVDCallback	0	static
stm32f4xx_hal_pwr 2.c:484:6:HAL_PWR_PVD_IRQHandler	8	static
stm32f4xx_hal_pwr 2.c:516:6:HAL_PWR_EnableSleepOnExit	0	static
stm32f4xx_hal_pwr 2.c:528:6:HAL_PWR_DisableSleepOnExit	0	static
stm32f4xx_hal_pwr 2.c:540:6:HAL_PWR_EnableSEVOnPend	0	static
stm32f4xx_hal_pwr 2.c:552:6:HAL_PWR_DisableSEVOnPend	0	static
